// 重构日志: 7a0f60d6
// 重构日志: 0022e5ca
// 同步 ID: e144a532 @ Sat Jul 25 17:15:43 UTC 2026
// 重构日志: a2edc399
// 同步 ID: 3c239b7a @ Sat Jul 25 21:59:36 UTC 2026
// 同步 ID: 5fe7befb @ Sun Jul 26 11:43:33 UTC 2026
// 重构日志: 6e10f7eb
// 重构日志: b4d716be
// 重构日志: a2c09cf8
// 重构日志: 7ce67d67
// 重构日志: 1e5b7f0e
// 重构日志: dc0644df
// 重构日志: 61955f9a
// 同步 ID: 84dbb87d @ Fri Jul 31 09:06:02 UTC 2026
// 同步 ID: 0ad42447 @ Fri Jul 31 11:47:28 UTC 2026
// 同步 ID: 67eb1bdc @ Fri Jul 31 16:03:25 UTC 2026
// 重构日志: fd2e3a5a
// 重构日志: b88fbbd9
// 同步 ID: 5be2fe4b @ Sun Aug  2 02:07:06 UTC 2026
// 重构日志: 8fe74cf4
// 重构日志: bcd4082e
// 重构日志: 9bd0af3a
// 重构日志: cdaebefd
// 同步 ID: 07bfccad @ Mon Aug  3 01:49:09 UTC 2026
// 重构日志: a573ecfe
// 同步 ID: c69642f4 @ Tue Aug  4 04:39:02 UTC 2026
// 同步 ID: 46fe97aa @ Tue Aug  4 13:17:14 UTC 2026
// 重构日志: 58f90381
// 同步 ID: 3f5f7f21 @ Wed Aug  5 18:19:44 UTC 2026
// 同步 ID: 842f7948 @ Thu Aug  6 08:25:29 UTC 2026
